// Vitest Snapshot v1

exports[`Testing ABtn > can mount component 1`] = `
"<button tabindex=\\"0\\" style=\\"--a-title-color: white; --a-subtitle-color: white; --a-layer-hsl-color: var(--a-primary); --a-loader-overlay-bg: hsla(var(--a-primary),var(--un-bg-opacity)); --a-spacing: 1;\\" class=\\"whitespace-nowrap inline-flex justify-center items-center relative a-btn states a-title-opacity-100 a-subtitle-opacity-100 [--un-bg-opacity:1] text-white\\">
  <!--v-if-->Click me
  <!--v-if-->
</button>"
`;

exports[`Testing ABtn > has proper classes 1`] = `
[
  "whitespace-nowrap",
  "inline-flex",
  "justify-center",
  "items-center",
  "relative",
  "a-btn",
  "states",
  "a-title-opacity-100",
  "a-subtitle-opacity-100",
  "[--un-bg-opacity:1]",
  "text-white",
]
`;
